Archive member included to satisfy reference by file (symbol)

c:/program files (x86)/atollic/truestudio for stm32 9.2.0/armtools/bin/../lib/gcc/arm-atollic-eabi/6.3.1/../../../../arm-atollic-eabi/lib/armv6-m\libc_nano.a(lib_a-init.o)
                              startup\startup_stm32f030x8.o (__libc_init_array)
c:/program files (x86)/atollic/truestudio for stm32 9.2.0/armtools/bin/../lib/gcc/arm-atollic-eabi/6.3.1/armv6-m\libgcc.a(_udivsi3.o)
                              Drivers\STM32F0xx_HAL_Driver\Src\stm32f0xx_hal.o (__aeabi_uidiv)
c:/program files (x86)/atollic/truestudio for stm32 9.2.0/armtools/bin/../lib/gcc/arm-atollic-eabi/6.3.1/armv6-m\libgcc.a(_dvmd_tls.o)
                              c:/program files (x86)/atollic/truestudio for stm32 9.2.0/armtools/bin/../lib/gcc/arm-atollic-eabi/6.3.1/armv6-m\libgcc.a(_udivsi3.o) (__aeabi_idiv0)

Allocating common symbols
Common symbol       size              file

adc_val             0x20              Src\main.o
gDate               0x4               Src\main.o
D3                  0x1               Src\main.o
htim17              0x40              Src\main.o
uwTick              0x4               Drivers\STM32F0xx_HAL_Driver\Src\stm32f0xx_hal.o
pFlash              0x20              Drivers\STM32F0xx_HAL_Driver\Src\stm32f0xx_hal_flash.o
gTime               0x14              Src\main.o
D2                  0x1               Src\main.o
hrtc                0x20              Src\main.o
D4                  0x1               Src\main.o
adc_buf             0x20              Src\main.o
hdma_adc            0x44              Src\main.o
hadc                0x4c              Src\main.o
D1                  0x1               Src\main.o

Discarded input sections

 .text          0x00000000        0x0 c:/program files (x86)/atollic/truestudio for stm32 9.2.0/armtools/bin/../lib/gcc/arm-atollic-eabi/6.3.1/armv6-m/crti.o
 .data          0x00000000        0x0 c:/program files (x86)/atollic/truestudio for stm32 9.2.0/armtools/bin/../lib/gcc/arm-atollic-eabi/6.3.1/armv6-m/crti.o
 .bss           0x00000000        0x0 c:/program files (x86)/atollic/truestudio for stm32 9.2.0/armtools/bin/../lib/gcc/arm-atollic-eabi/6.3.1/armv6-m/crti.o
 .data          0x00000000        0x4 c:/program files (x86)/atollic/truestudio for stm32 9.2.0/armtools/bin/../lib/gcc/arm-atollic-eabi/6.3.1/armv6-m/crtbegin.o
 .text          0x00000000        0x0 Display\Display.o
 .data          0x00000000        0x0 Display\Display.o
 .bss           0x00000000        0x0 Display\Display.o
 .text          0x00000000        0x0 Drivers\STM32F0xx_HAL_Driver\Src\stm32f0xx_hal.o
 .data          0x00000000        0x0 Drivers\STM32F0xx_HAL_Driver\Src\stm32f0xx_hal.o
 .bss           0x00000000        0x0 Drivers\STM32F0xx_HAL_Driver\Src\stm32f0xx_hal.o
 .text.HAL_MspInit
                0x00000000        0x2 Drivers\STM32F0xx_HAL_Driver\Src\stm32f0xx_hal.o
 .text.HAL_MspDeInit
                0x00000000        0x2 Drivers\STM32F0xx_HAL_Driver\Src\stm32f0xx_hal.o
 .text.HAL_DeInit
                0x00000000       0x24 Drivers\STM32F0xx_HAL_Driver\Src\stm32f0xx_hal.o
 .text.HAL_SuspendTick
                0x00000000       0x10 Drivers\STM32F0xx_HAL_Driver\Src\stm32f0xx_hal.o
 .text.HAL_ResumeTick
                0x00000000       0x10 Drivers\STM32F0xx_HAL_Driver\Src\stm32f0xx_hal.o
 .text.HAL_GetHalVersion
                0x00000000        0x8 Drivers\STM32F0xx_HAL_Driver\Src\stm32f0xx_hal.o
 .text.HAL_GetREVID
                0x00000000        0xc Drivers\STM32F0xx_HAL_Driver\Src\stm32f0xx_hal.o
 .text.HAL_GetDEVID
                0x00000000       0x10 Drivers\STM32F0xx_HAL_Driver\Src\stm32f0xx_hal.o
 .text.HAL_GetUIDw0
                0x00000000        0xc Drivers\STM32F0xx_HAL_Driver\Src\stm32f0xx_hal.o
 .text.HAL_GetUIDw1
                0x00000000        0xc Drivers\STM32F0xx_HAL_Driver\Src\stm32f0xx_hal.o
 .text.HAL_GetUIDw2
                0x00000000        0xc Drivers\STM32F0xx_HAL_Driver\Src\stm32f0xx_hal.o
 .text.HAL_DBGMCU_EnableDBGStopMode
                0x00000000       0x10 Drivers\STM32F0xx_HAL_Driver\Src\stm32f0xx_hal.o
 .text.HAL_DBGMCU_DisableDBGStopMode
                0x00000000       0x10 Drivers\STM32F0xx_HAL_Driver\Src\stm32f0xx_hal.o
 .text.HAL_DBGMCU_EnableDBGStandbyMode
                0x00000000       0x10 Drivers\STM32F0xx_HAL_Driver\Src\stm32f0xx_hal.o
 .text.HAL_DBGMCU_DisableDBGStandbyMode
                0x00000000       0x10 Drivers\STM32F0xx_HAL_Driver\Src\stm32f0xx_hal.o
 .text          0x00000000        0x0 Drivers\STM32F0xx_HAL_Driver\Src\stm32f0xx_hal_adc.o
 .data          0x00000000        0x0 Drivers\STM32F0xx_HAL_Driver\Src\stm32f0xx_hal_adc.o
 .bss           0x00000000        0x0 Drivers\STM32F0xx_HAL_Driver\Src\stm32f0xx_hal_adc.o
 .text.ADC_ConversionStop
                0x00000000       0x54 Drivers\STM32F0xx_HAL_Driver\Src\stm32f0xx_hal_adc.o
 .text.ADC_Disable
[...]
Memory Configuration

Name             Origin             Length             Attributes
RAM              0x20000000         0x00002000         xrw
FLASH            0x08000000         0x00008000         xr
*default*        0x00000000         0xffffffff

Linker script and memory map

LOAD c:/program files (x86)/atollic/truestudio for stm32 9.2.0/armtools/bin/../lib/gcc/arm-atollic-eabi/6.3.1/armv6-m/crti.o
LOAD c:/program files (x86)/atollic/truestudio for stm32 9.2.0/armtools/bin/../lib/gcc/arm-atollic-eabi/6.3.1/armv6-m/crtbegin.o
LOAD Display\Display.o
LOAD Drivers\STM32F0xx_HAL_Driver\Src\stm32f0xx_hal.o
LOAD Drivers\STM32F0xx_HAL_Driver\Src\stm32f0xx_hal_adc.o
LOAD Drivers\STM32F0xx_HAL_Driver\Src\stm32f0xx_hal_adc_ex.o
LOAD Drivers\STM32F0xx_HAL_Driver\Src\stm32f0xx_hal_cortex.o
LOAD Drivers\STM32F0xx_HAL_Driver\Src\stm32f0xx_hal_dma.o
LOAD Drivers\STM32F0xx_HAL_Driver\Src\stm32f0xx_hal_flash.o
LOAD Drivers\STM32F0xx_HAL_Driver\Src\stm32f0xx_hal_flash_ex.o
LOAD Drivers\STM32F0xx_HAL_Driver\Src\stm32f0xx_hal_gpio.o
LOAD Drivers\STM32F0xx_HAL_Driver\Src\stm32f0xx_hal_i2c.o
LOAD Drivers\STM32F0xx_HAL_Driver\Src\stm32f0xx_hal_i2c_ex.o
LOAD Drivers\STM32F0xx_HAL_Driver\Src\stm32f0xx_hal_pwr.o
LOAD Drivers\STM32F0xx_HAL_Driver\Src\stm32f0xx_hal_pwr_ex.o
LOAD Drivers\STM32F0xx_HAL_Driver\Src\stm32f0xx_hal_rcc.o
LOAD Drivers\STM32F0xx_HAL_Driver\Src\stm32f0xx_hal_rcc_ex.o
LOAD Drivers\STM32F0xx_HAL_Driver\Src\stm32f0xx_hal_rtc.o
LOAD Drivers\STM32F0xx_HAL_Driver\Src\stm32f0xx_hal_rtc_ex.o
LOAD Drivers\STM32F0xx_HAL_Driver\Src\stm32f0xx_hal_tim.o
LOAD Drivers\STM32F0xx_HAL_Driver\Src\stm32f0xx_hal_tim_ex.o
LOAD EEPROM\eeprom.o
LOAD Src\main.o
LOAD Src\stm32f0xx_hal_msp.o
LOAD Src\stm32f0xx_it.o
LOAD Src\system_stm32f0xx.o
LOAD startup\startup_stm32f030x8.o
                0x00000080                malloc_getpagesize_P = 0x80
START GROUP
LOAD c:/program files (x86)/atollic/truestudio for stm32 9.2.0/armtools/bin/../lib/gcc/arm-atollic-eabi/6.3.1/../../../../arm-atollic-eabi/lib/armv6-m\libc_nano.a
LOAD c:/program files (x86)/atollic/truestudio for stm32 9.2.0/armtools/bin/../lib/gcc/arm-atollic-eabi/6.3.1/../../../../arm-atollic-eabi/lib/armv6-m\libm.a
END GROUP
START GROUP
LOAD c:/program files (x86)/atollic/truestudio for stm32 9.2.0/armtools/bin/../lib/gcc/arm-atollic-eabi/6.3.1/armv6-m\libgcc.a
LOAD c:/program files (x86)/atollic/truestudio for stm32 9.2.0/armtools/bin/../lib/gcc/arm-atollic-eabi/6.3.1/../../../../arm-atollic-eabi/lib/armv6-m\libc_nano.a
END GROUP
START GROUP
LOAD c:/program files (x86)/atollic/truestudio for stm32 9.2.0/armtools/bin/../lib/gcc/arm-atollic-eabi/6.3.1/armv6-m\libgcc.a
LOAD c:/program files (x86)/atollic/truestudio for stm32 9.2.0/armtools/bin/../lib/gcc/arm-atollic-eabi/6.3.1/../../../../arm-atollic-eabi/lib/armv6-m\libc_nano.a
LOAD c:/program files (x86)/atollic/truestudio for stm32 9.2.0/armtools/bin/../lib/gcc/arm-atollic-eabi/6.3.1/../../../../arm-atollic-eabi/lib/armv6-m\libnosys.a
END GROUP
START GROUP
LOAD c:/program files (x86)/atollic/truestudio for stm32 9.2.0/armtools/bin/../lib/gcc/arm-atollic-eabi/6.3.1/armv6-m\libgcc.a
LOAD c:/program files (x86)/atollic/truestudio for stm32 9.2.0/armtools/bin/../lib/gcc/arm-atollic-eabi/6.3.1/../../../../arm-atollic-eabi/lib/armv6-m\libc_nano.a
LOAD c:/program files (x86)/atollic/truestudio for stm32 9.2.0/armtools/bin/../lib/gcc/arm-atollic-eabi/6.3.1/../../../../arm-atollic-eabi/lib/armv6-m\libnosys.a
END GROUP
LOAD c:/program files (x86)/atollic/truestudio for stm32 9.2.0/armtools/bin/../lib/gcc/arm-atollic-eabi/6.3.1/armv6-m/crtend.o
LOAD c:/program files (x86)/atollic/truestudio for stm32 9.2.0/armtools/bin/../lib/gcc/arm-atollic-eabi/6.3.1/armv6-m/crtn.o
                0x20002000                _estack = 0x20002000
                0x00000200                _Min_Heap_Size = 0x200
                0x00000400                _Min_Stack_Size = 0x400

.isr_vector     0x08000000       0xc0
                0x08000000                . = ALIGN (0x4)
 *(.isr_vector)
 .isr_vector    0x08000000       0xc0 startup\startup_stm32f030x8.o
                0x08000000                g_pfnVectors
                0x080000c0                . = ALIGN (0x4)

.text           0x080000c0     0x2c0c
                0x080000c0                . = ALIGN (0x4)
 *(.text)
 .text          0x080000c0       0x48 c:/program files (x86)/atollic/truestudio for stm32 9.2.0/armtools/bin/../lib/gcc/arm-atollic-eabi/6.3.1/armv6-m/crtbegin.o
 .text          0x08000108      0x114 c:/program files (x86)/atollic/truestudio for stm32 9.2.0/armtools/bin/../lib/gcc/arm-atollic-eabi/6.3.1/armv6-m\libgcc.a(_udivsi3.o)
                0x08000108                __aeabi_uidiv
                0x08000108                __udivsi3
                0x08000214                __aeabi_uidivmod
 .text          0x0800021c        0x4 c:/program files (x86)/atollic/truestudio for stm32 9.2.0/armtools/bin/../lib/gcc/arm-atollic-eabi/6.3.1/armv6-m\libgcc.a(_dvmd_tls.o)
                0x0800021c                __aeabi_idiv0
                0x0800021c                __aeabi_ldiv0
 *(.text*)
 .text.Display_event
                0x08000220      0x470 Display\Display.o
                0x08000220                Display_event
 .text.HAL_InitTick
                0x08000690       0x24 Drivers\STM32F0xx_HAL_Driver\Src\stm32f0xx_hal.o
                0x08000690                HAL_InitTick
 .text.HAL_Init
                0x080006b4       0x20 Drivers\STM32F0xx_HAL_Driver\Src\stm32f0xx_hal.o
                0x080006b4                HAL_Init
 .text.HAL_IncTick
                0x080006d4       0x10 Drivers\STM32F0xx_HAL_Driver\Src\stm32f0xx_hal.o
                0x080006d4                HAL_IncTick
 .text.HAL_GetTick
                0x080006e4        0xc Drivers\STM32F0xx_HAL_Driver\Src\stm32f0xx_hal.o
                0x080006e4                HAL_GetTick
 .text.HAL_Delay
                0x080006f0       0x22 Drivers\STM32F0xx_HAL_Driver\Src\stm32f0xx_hal.o
                0x080006f0                HAL_Delay
 *fill*         0x08000712        0x2 
 .text.ADC_Enable
                0x08000714       0xb4 Drivers\STM32F0xx_HAL_Driver\Src\stm32f0xx_hal_adc.o
 .text.HAL_ADC_Init
                0x080007c8      0x18c Drivers\STM32F0xx_HAL_Driver\Src\stm32f0xx_hal_adc.o
                0x080007c8                HAL_ADC_Init
 .text.HAL_ADC_Start_DMA
                0x08000954       0xa8 Drivers\STM32F0xx_HAL_Driver\Src\stm32f0xx_hal_adc.o
                0x08000954                HAL_ADC_Start_DMA
 .text.HAL_ADC_ConvCpltCallback
                0x080009fc        0x2 Drivers\STM32F0xx_HAL_Driver\Src\stm32f0xx_hal_adc.o
                0x080009fc                HAL_ADC_ConvCpltCallback
 *fill*         0x080009fe        0x2 
 .text.ADC_DMAConvCplt
                0x08000a00       0x70 Drivers\STM32F0xx_HAL_Driver\Src\stm32f0xx_hal_adc.o
 .text.HAL_ADC_ConvHalfCpltCallback
                0x08000a70        0x2 Drivers\STM32F0xx_HAL_Driver\Src\stm32f0xx_hal_adc.o
                0x08000a70                HAL_ADC_ConvHalfCpltCallback
 .text.ADC_DMAHalfConvCplt
                0x08000a72        0xa Drivers\STM32F0xx_HAL_Driver\Src\stm32f0xx_hal_adc.o
 .text.HAL_ADC_ErrorCallback
                0x08000a7c        0x2 Drivers\STM32F0xx_HAL_Driver\Src\stm32f0xx_hal_adc.o
                0x08000a7c                HAL_ADC_ErrorCallback
 .text.ADC_DMAError
                0x08000a7e       0x1a Drivers\STM32F0xx_HAL_Driver\Src\stm32f0xx_hal_adc.o
 .text.HAL_ADC_ConfigChannel
                0x08000a98      0x134 Drivers\STM32F0xx_HAL_Driver\Src\stm32f0xx_hal_adc.o
                0x08000a98                HAL_ADC_ConfigChannel
 .text.HAL_NVIC_SetPriority
                0x08000bcc       0x64 Drivers\STM32F0xx_HAL_Driver\Src\stm32f0xx_hal_cortex.o
                0x08000bcc                HAL_NVIC_SetPriority
 .text.HAL_NVIC_EnableIRQ
                0x08000c30       0x14 Drivers\STM32F0xx_HAL_Driver\Src\stm32f0xx_hal_cortex.o
                0x08000c30                HAL_NVIC_EnableIRQ
 .text.HAL_SYSTICK_Config
                0x08000c44       0x38 Drivers\STM32F0xx_HAL_Driver\Src\stm32f0xx_hal_cortex.o
                0x08000c44                HAL_SYSTICK_Config
 .text.HAL_SYSTICK_CLKSourceConfig
                0x08000c7c       0x20 Drivers\STM32F0xx_HAL_Driver\Src\stm32f0xx_hal_cortex.o
                0x08000c7c                HAL_SYSTICK_CLKSourceConfig
 .text.HAL_SYSTICK_Callback
                0x08000c9c        0x2 Drivers\STM32F0xx_HAL_Driver\Src\stm32f0xx_hal_cortex.o
                0x08000c9c                HAL_SYSTICK_Callback
 .text.HAL_SYSTICK_IRQHandler
                0x08000c9e        0x8 Drivers\STM32F0xx_HAL_Driver\Src\stm32f0xx_hal_cortex.o
                0x08000c9e                HAL_SYSTICK_IRQHandler
 .text.DMA_SetConfig
                0x08000ca6       0x2a Drivers\STM32F0xx_HAL_Driver\Src\stm32f0xx_hal_dma.o
 .text.DMA_CalcBaseAndBitshift
                0x08000cd0       0x28 Drivers\STM32F0xx_HAL_Driver\Src\stm32f0xx_hal_dma.o
 .text.HAL_DMA_Init
                0x08000cf8       0x58 Drivers\STM32F0xx_HAL_Driver\Src\stm32f0xx_hal_dma.o
                0x08000cf8                HAL_DMA_Init
 .text.HAL_DMA_Start_IT
                0x08000d50       0x76 Drivers\STM32F0xx_HAL_Driver\Src\stm32f0xx_hal_dma.o
                0x08000d50                HAL_DMA_Start_IT
 .text.HAL_DMA_IRQHandler
                0x08000dc6       0xaa Drivers\STM32F0xx_HAL_Driver\Src\stm32f0xx_hal_dma.o
                0x08000dc6                HAL_DMA_IRQHandler
 .text.FLASH_Program_HalfWord
                0x08000e70       0x20 Drivers\STM32F0xx_HAL_Driver\Src\stm32f0xx_hal_flash.o
 .text.FLASH_SetErrorCode
                0x08000e90       0x3c Drivers\STM32F0xx_HAL_Driver\Src\stm32f0xx_hal_flash.o
 .text.HAL_FLASH_Unlock
                0x08000ecc       0x28 Drivers\STM32F0xx_HAL_Driver\Src\stm32f0xx_hal_flash.o
                0x08000ecc                HAL_FLASH_Unlock
 .text.FLASH_WaitForLastOperation
                0x08000ef4       0x5c Drivers\STM32F0xx_HAL_Driver\Src\stm32f0xx_hal_flash.o
                0x08000ef4                FLASH_WaitForLastOperation
 .text.HAL_FLASH_Program
                0x08000f50       0x9c Drivers\STM32F0xx_HAL_Driver\Src\stm32f0xx_hal_flash.o
                0x08000f50                HAL_FLASH_Program
 .text.FLASH_MassErase
                0x08000fec       0x24 Drivers\STM32F0xx_HAL_Driver\Src\stm32f0xx_hal_flash_ex.o
 .text.FLASH_PageErase
                0x08001010       0x24 Drivers\STM32F0xx_HAL_Driver\Src\stm32f0xx_hal_flash_ex.o
                0x08001010                FLASH_PageErase
 .text.HAL_FLASHEx_Erase
                0x08001034       0xa4 Drivers\STM32F0xx_HAL_Driver\Src\stm32f0xx_hal_flash_ex.o
                0x08001034                HAL_FLASHEx_Erase
 .text.HAL_GPIO_Init
                0x080010d8      0x18c Drivers\STM32F0xx_HAL_Driver\Src\stm32f0xx_hal_gpio.o
                0x080010d8                HAL_GPIO_Init
 .text.HAL_GPIO_ReadPin
                0x08001264        0xe Drivers\STM32F0xx_HAL_Driver\Src\stm32f0xx_hal_gpio.o
                0x08001264                HAL_GPIO_ReadPin
 .text.HAL_GPIO_WritePin
                0x08001272        0xc Drivers\STM32F0xx_HAL_Driver\Src\stm32f0xx_hal_gpio.o
                0x08001272                HAL_GPIO_WritePin
 .text.HAL_GPIO_TogglePin
                0x0800127e        0x8 Drivers\STM32F0xx_HAL_Driver\Src\stm32f0xx_hal_gpio.o
                0x0800127e                HAL_GPIO_TogglePin
 *fill*         0x08001286        0x2 
 .text.HAL_RCC_OscConfig
                0x08001288      0x44c Drivers\STM32F0xx_HAL_Driver\Src\stm32f0xx_hal_rcc.o
                0x08001288                HAL_RCC_OscConfig
 .text.HAL_RCC_GetSysClockFreq
                0x080016d4       0x6c Drivers\STM32F0xx_HAL_Driver\Src\stm32f0xx_hal_rcc.o
                0x080016d4                HAL_RCC_GetSysClockFreq
 .text.HAL_RCC_ClockConfig
                0x08001740      0x154 Drivers\STM32F0xx_HAL_Driver\Src\stm32f0xx_hal_rcc.o
                0x08001740                HAL_RCC_ClockConfig
 .text.HAL_RCC_GetHCLKFreq
                0x08001894        0xc Drivers\STM32F0xx_HAL_Driver\Src\stm32f0xx_hal_rcc.o
                0x08001894                HAL_RCC_GetHCLKFreq
 .text.HAL_RCCEx_PeriphCLKConfig
                0x080018a0      0x118 Drivers\STM32F0xx_HAL_Driver\Src\stm32f0xx_hal_rcc_ex.o
                0x080018a0                HAL_RCCEx_PeriphCLKConfig
 .text.HAL_RTC_WaitForSynchro
                0x080019b8       0x32 Drivers\STM32F0xx_HAL_Driver\Src\stm32f0xx_hal_rtc.o
                0x080019b8                HAL_RTC_WaitForSynchro
 .text.RTC_EnterInitMode
                0x080019ea       0x3a Drivers\STM32F0xx_HAL_Driver\Src\stm32f0xx_hal_rtc.o
                0x080019ea                RTC_EnterInitMode
 .text.HAL_RTC_Init
                0x08001a24       0xc4 Drivers\STM32F0xx_HAL_Driver\Src\stm32f0xx_hal_rtc.o
                0x08001a24                HAL_RTC_Init
 .text.RTC_ByteToBcd2
                0x08001ae8       0x16 Drivers\STM32F0xx_HAL_Driver\Src\stm32f0xx_hal_rtc.o
                0x08001ae8                RTC_ByteToBcd2
 *fill*         0x08001afe        0x2 
 .text.HAL_RTC_SetTime
                0x08001b00       0xfc Drivers\STM32F0xx_HAL_Driver\Src\stm32f0xx_hal_rtc.o
                0x08001b00                HAL_RTC_SetTime
 .text.HAL_RTC_SetDate
                0x08001bfc       0xd8 Drivers\STM32F0xx_HAL_Driver\Src\stm32f0xx_hal_rtc.o
                0x08001bfc                HAL_RTC_SetDate
 .text.RTC_Bcd2ToByte
                0x08001cd4       0x12 Drivers\STM32F0xx_HAL_Driver\Src\stm32f0xx_hal_rtc.o
                0x08001cd4                RTC_Bcd2ToByte
 *fill*         0x08001ce6        0x2 
 .text.HAL_RTC_GetTime
                0x08001ce8       0x58 Drivers\STM32F0xx_HAL_Driver\Src\stm32f0xx_hal_rtc.o
                0x08001ce8                HAL_RTC_GetTime
 .text.HAL_RTC_GetDate
                0x08001d40       0x48 Drivers\STM32F0xx_HAL_Driver\Src\stm32f0xx_hal_rtc.o
                0x08001d40                HAL_RTC_GetDate
 .text.HAL_TIM_Base_Start_IT
                0x08001d88       0x16 Drivers\STM32F0xx_HAL_Driver\Src\stm32f0xx_hal_tim.o
                0x08001d88                HAL_TIM_Base_Start_IT
 .text.HAL_TIM_OC_DelayElapsedCallback
                0x08001d9e        0x2 Drivers\STM32F0xx_HAL_Driver\Src\stm32f0xx_hal_tim.o
                0x08001d9e                HAL_TIM_OC_DelayElapsedCallback
 .text.HAL_TIM_IC_CaptureCallback
                0x08001da0        0x2 Drivers\STM32F0xx_HAL_Driver\Src\stm32f0xx_hal_tim.o
                0x08001da0                HAL_TIM_IC_CaptureCallback
 .text.HAL_TIM_PWM_PulseFinishedCallback
                0x08001da2        0x2 Drivers\STM32F0xx_HAL_Driver\Src\stm32f0xx_hal_tim.o
                0x08001da2                HAL_TIM_PWM_PulseFinishedCallback
 .text.HAL_TIM_TriggerCallback
                0x08001da4        0x2 Drivers\STM32F0xx_HAL_Driver\Src\stm32f0xx_hal_tim.o
                0x08001da4                HAL_TIM_TriggerCallback
 .text.HAL_TIM_IRQHandler
                0x08001da6      0x15a Drivers\STM32F0xx_HAL_Driver\Src\stm32f0xx_hal_tim.o
                0x08001da6                HAL_TIM_IRQHandler
 .text.TIM_Base_SetConfig
                0x08001f00       0x94 Drivers\STM32F0xx_HAL_Driver\Src\stm32f0xx_hal_tim.o
                0x08001f00                TIM_Base_SetConfig
 .text.HAL_TIM_Base_Init
                0x08001f94       0x34 Drivers\STM32F0xx_HAL_Driver\Src\stm32f0xx_hal_tim.o
                0x08001f94                HAL_TIM_Base_Init
 .text.HAL_TIMEx_CommutationCallback
                0x08001fc8        0x2 Drivers\STM32F0xx_HAL_Driver\Src\stm32f0xx_hal_tim_ex.o
                0x08001fc8                HAL_TIMEx_CommutationCallback
 .text.HAL_TIMEx_BreakCallback
                0x08001fca        0x2 Drivers\STM32F0xx_HAL_Driver\Src\stm32f0xx_hal_tim_ex.o
                0x08001fca                HAL_TIMEx_BreakCallback
 .text.EE_VerifyPageFullyErased
                0x08001fcc       0x28 EEPROM\eeprom.o
 .text.EE_FindValidPage
                0x08001ff4       0x5c EEPROM\eeprom.o
 .text.EE_VerifyPageFullWriteVariable
                0x08002050       0x7c EEPROM\eeprom.o
 .text.EE_Format
                0x080020cc       0x5c EEPROM\eeprom.o
 .text.EE_ReadVariable
                0x08002128       0x68 EEPROM\eeprom.o
                0x08002128                EE_ReadVariable
 .text.EE_Init  0x08002190      0x270 EEPROM\eeprom.o
                0x08002190                EE_Init
 .text.EE_PageTransfer
                0x08002400       0xd4 EEPROM\eeprom.o
 .text.EE_WriteVariable
                0x080024d4       0x1a EEPROM\eeprom.o
                0x080024d4                EE_WriteVariable
 *fill*         0x080024ee        0x2 
 .text.MX_GPIO_Init
                0x080024f0       0xd4 Src\main.o
 .text.MX_DMA_Init
                0x080025c4       0x30 Src\main.o
 .text.MX_ADC_Init
                0x080025f4       0xa4 Src\main.o
 .text.MX_RTC_Init
                0x08002698       0x58 Src\main.o
 .text.MX_TIM17_Init
                0x080026f0       0x34 Src\main.o
 .text.Count    0x08002724       0x58 Src\main.o
                0x08002724                Count
 .text.get_time
                0x0800277c       0x28 Src\main.o
                0x0800277c                get_time
 .text.HAL_TIM_PeriodElapsedCallback
                0x080027a4      0x104 Src\main.o
                0x080027a4                HAL_TIM_PeriodElapsedCallback
 .text.SystemClock_Config
                0x080028a8       0x76 Src\main.o
                0x080028a8                SystemClock_Config
 *fill*         0x0800291e        0x2 
 .text.main     0x08002920      0x124 Src\main.o
                0x08002920                main
 .text._Error_Handler
                0x08002a44        0x2 Src\main.o
                0x08002a44                _Error_Handler
 *fill*         0x08002a46        0x2 
 .text.HAL_MspInit
                0x08002a48       0x54 Src\stm32f0xx_hal_msp.o
                0x08002a48                HAL_MspInit
 .text.HAL_ADC_MspInit
                0x08002a9c       0x88 Src\stm32f0xx_hal_msp.o
                0x08002a9c                HAL_ADC_MspInit
 .text.HAL_RTC_MspInit
                0x08002b24       0x20 Src\stm32f0xx_hal_msp.o
                0x08002b24                HAL_RTC_MspInit
 .text.HAL_TIM_Base_MspInit
                0x08002b44       0x40 Src\stm32f0xx_hal_msp.o
                0x08002b44                HAL_TIM_Base_MspInit
 .text.NMI_Handler
                0x08002b84        0x2 Src\stm32f0xx_it.o
                0x08002b84                NMI_Handler
 .text.HardFault_Handler
                0x08002b86        0x2 Src\stm32f0xx_it.o
                0x08002b86                HardFault_Handler
 .text.SVC_Handler
                0x08002b88        0x2 Src\stm32f0xx_it.o
                0x08002b88                SVC_Handler
 .text.PendSV_Handler
                0x08002b8a        0x2 Src\stm32f0xx_it.o
                0x08002b8a                PendSV_Handler
 .text.SysTick_Handler
                0x08002b8c        0xc Src\stm32f0xx_it.o
                0x08002b8c                SysTick_Handler
 .text.DMA1_Channel1_IRQHandler
                0x08002b98       0x10 Src\stm32f0xx_it.o
                0x08002b98                DMA1_Channel1_IRQHandler
 .text.TIM17_IRQHandler
                0x08002ba8       0x10 Src\stm32f0xx_it.o
                0x08002ba8                TIM17_IRQHandler
 .text.SystemInit
                0x08002bb8       0x60 Src\system_stm32f0xx.o
                0x08002bb8                SystemInit
 .text.Reset_Handler
                0x08002c18       0x50 startup\startup_stm32f030x8.o
                0x08002c18                Reset_Handler
 .text.Default_Handler
                0x08002c68        0x2 startup\startup_stm32f030x8.o
                0x08002c68                TIM1_CC_IRQHandler
                0x08002c68                TIM6_IRQHandler
                0x08002c68                I2C1_IRQHandler
                0x08002c68                SPI1_IRQHandler
                0x08002c68                EXTI2_3_IRQHandler
                0x08002c68                ADC1_IRQHandler
                0x08002c68                I2C2_IRQHandler
                0x08002c68                RTC_IRQHandler
                0x08002c68                TIM16_IRQHandler
                0x08002c68                TIM3_IRQHandler
                0x08002c68                EXTI4_15_IRQHandler
                0x08002c68                RCC_IRQHandler
                0x08002c68                Default_Handler
                0x08002c68                TIM14_IRQHandler
                0x08002c68                DMA1_Channel4_5_IRQHandler
                0x08002c68                TIM15_IRQHandler
                0x08002c68                EXTI0_1_IRQHandler
                0x08002c68                SPI2_IRQHandler
                0x08002c68                WWDG_IRQHandler
                0x08002c68                DMA1_Channel2_3_IRQHandler
                0x08002c68                USART2_IRQHandler
                0x08002c68                FLASH_IRQHandler
                0x08002c68                USART1_IRQHandler
                0x08002c68                TIM1_BRK_UP_TRG_COM_IRQHandler
 *fill*         0x08002c6a        0x2 
 .text.__libc_init_array
                0x08002c6c       0x48 c:/program files (x86)/atollic/truestudio for stm32 9.2.0/armtools/bin/../lib/gcc/arm-atollic-eabi/6.3.1/../../../../arm-atollic-eabi/lib/armv6-m\libc_nano.a(lib_a-init.o)
                0x08002c6c                __libc_init_array
 *(.glue_7)
 .glue_7        0x08002cb4        0x0 linker stubs
 *(.glue_7t)
 .glue_7t       0x08002cb4        0x0 linker stubs
 *(.eh_frame)
 .eh_frame      0x08002cb4        0x0 c:/program files (x86)/atollic/truestudio for stm32 9.2.0/armtools/bin/../lib/gcc/arm-atollic-eabi/6.3.1/armv6-m/crtbegin.o
 *(.init)
 .init          0x08002cb4        0x4 c:/program files (x86)/atollic/truestudio for stm32 9.2.0/armtools/bin/../lib/gcc/arm-atollic-eabi/6.3.1/armv6-m/crti.o
                0x08002cb4                _init
 .init          0x08002cb8        0x8 c:/program files (x86)/atollic/truestudio for stm32 9.2.0/armtools/bin/../lib/gcc/arm-atollic-eabi/6.3.1/armv6-m/crtn.o
 *(.fini)
 .fini          0x08002cc0        0x4 c:/program files (x86)/atollic/truestudio for stm32 9.2.0/armtools/bin/../lib/gcc/arm-atollic-eabi/6.3.1/armv6-m/crti.o
                0x08002cc0                _fini
 .fini          0x08002cc4        0x8 c:/program files (x86)/atollic/truestudio for stm32 9.2.0/armtools/bin/../lib/gcc/arm-atollic-eabi/6.3.1/armv6-m/crtn.o
                0x08002ccc                . = ALIGN (0x4)
                0x08002ccc                _etext = .

.vfp11_veneer   0x08002ccc        0x0
 .vfp11_veneer  0x08002ccc        0x0 linker stubs

.v4_bx          0x08002ccc        0x0
 .v4_bx         0x08002ccc        0x0 linker stubs

.iplt           0x08002ccc        0x0
 .iplt          0x08002ccc        0x0 c:/program files (x86)/atollic/truestudio for stm32 9.2.0/armtools/bin/../lib/gcc/arm-atollic-eabi/6.3.1/armv6-m/crtbegin.o

.rodata         0x08002ccc      0x1ac
                0x08002ccc                . = ALIGN (0x4)
 *(.rodata)
 .rodata        0x08002ccc       0x20 Drivers\STM32F0xx_HAL_Driver\Src\stm32f0xx_hal_rcc.o
 *(.rodata*)
 .rodata.A      0x08002cec       0x29 Display\Display.o
                0x08002cec                A
 *fill*         0x08002d15        0x3 
 .rodata.B      0x08002d18       0x29 Display\Display.o
                0x08002d18                B
 *fill*         0x08002d41        0x3 
 .rodata.C      0x08002d44       0x29 Display\Display.o
                0x08002d44                C
 *fill*         0x08002d6d        0x3 
 .rodata.D      0x08002d70       0x29 Display\Display.o
                0x08002d70                D
 *fill*         0x08002d99        0x3 
 .rodata.E      0x08002d9c       0x29 Display\Display.o
                0x08002d9c                E
 *fill*         0x08002dc5        0x3 
 .rodata.F      0x08002dc8       0x29 Display\Display.o
                0x08002dc8                F
 *fill*         0x08002df1        0x3 
 .rodata.G      0x08002df4       0x29 Display\Display.o
                0x08002df4                G
 *fill*         0x08002e1d        0x3 
 .rodata.HAL_TIM_PeriodElapsedCallback
                0x08002e20       0x2c Src\main.o
 .rodata.HAL_ADC_MspInit.str1.4
                0x08002e4c       0x1c Src\stm32f0xx_hal_msp.o
                                 0x1b (size before relaxing)
 .rodata.AHBPrescTable
                0x08002e68       0x10 Src\system_stm32f0xx.o
                0x08002e68                AHBPrescTable
                0x08002e78                . = ALIGN (0x4)

.rel.dyn        0x08002e78        0x0
 .rel.iplt      0x08002e78        0x0 c:/program files (x86)/atollic/truestudio for stm32 9.2.0/armtools/bin/../lib/gcc/arm-atollic-eabi/6.3.1/armv6-m/crtbegin.o

.ARM.extab
 *(.ARM.extab* .gnu.linkonce.armextab.*)

.ARM            0x08002e78        0x0
                0x08002e78                __exidx_start = .
 *(.ARM.exidx*)
                0x08002e78                __exidx_end = .

.preinit_array  0x08002e78        0x0
                0x08002e78                PROVIDE (__preinit_array_start, .)
 *(.preinit_array*)
                0x08002e78                PROVIDE (__preinit_array_end, .)

.init_array     0x08002e78        0x4
                0x08002e78                PROVIDE (__init_array_start, .)
 *(SORT(.init_array.*))
 *(.init_array*)
 .init_array    0x08002e78        0x4 c:/program files (x86)/atollic/truestudio for stm32 9.2.0/armtools/bin/../lib/gcc/arm-atollic-eabi/6.3.1/armv6-m/crtbegin.o
                0x08002e7c                PROVIDE (__init_array_end, .)

.fini_array     0x08002e7c        0x4
                [!provide]                PROVIDE (__fini_array_start, .)
 *(SORT(.fini_array.*))
 *(.fini_array*)
 .fini_array    0x08002e7c        0x4 c:/program files (x86)/atollic/truestudio for stm32 9.2.0/armtools/bin/../lib/gcc/arm-atollic-eabi/6.3.1/armv6-m/crtbegin.o
                [!provide]                PROVIDE (__fini_array_end, .)
                0x08002e80                _sidata = LOADADDR (.data)

.data           0x20000000       0x48 load address 0x08002e80
                0x20000000                . = ALIGN (0x4)
                0x20000000                _sdata = .
 *(.data)
 *(.data*)
 .data.Segment  0x20000000        0x1 Display\Display.o
                0x20000000                Segment
 .data.MENU     0x20000001        0x1 Src\main.o
                0x20000001                MENU
 *fill*         0x20000002        0x2 
 .data.VarDataTab
                0x20000004       0x20 Src\main.o
                0x20000004                VarDataTab
 .data.VirtAddVarTab
                0x20000024       0x20 Src\main.o
                0x20000024                VirtAddVarTab
 .data.SystemCoreClock
                0x20000044        0x4 Src\system_stm32f0xx.o
                0x20000044                SystemCoreClock
                0x20000048                . = ALIGN (0x4)
                0x20000048                _edata = .

.igot.plt       0x20000048        0x0 load address 0x08002ec8
 .igot.plt      0x20000048        0x0 c:/program files (x86)/atollic/truestudio for stm32 9.2.0/armtools/bin/../lib/gcc/arm-atollic-eabi/6.3.1/armv6-m/crtbegin.o
                0x20000048                . = ALIGN (0x4)

.bss            0x20000048      0x1a0 load address 0x08002ec8
                0x20000048                _sbss = .
                0x20000048                __bss_start__ = _sbss
 *(.bss)
 .bss           0x20000048       0x1c c:/program files (x86)/atollic/truestudio for stm32 9.2.0/armtools/bin/../lib/gcc/arm-atollic-eabi/6.3.1/armv6-m/crtbegin.o
 *(.bss*)
 .bss.DataVar   0x20000064        0x2 EEPROM\eeprom.o
                0x20000064                DataVar
 .bss.VarValue  0x20000066        0x2 Src\main.o
                0x20000066                VarValue
 *(COMMON)
 COMMON         0x20000068        0x4 Drivers\STM32F0xx_HAL_Driver\Src\stm32f0xx_hal.o
                0x20000068                uwTick
 *fill*         0x2000006c        0x4 
 COMMON         0x20000070       0x20 Drivers\STM32F0xx_HAL_Driver\Src\stm32f0xx_hal_flash.o
                0x20000070                pFlash
 COMMON         0x20000090      0x155 Src\main.o
                0x20000090                adc_val
                0x200000b0                gDate
                0x200000b4                D3
                0x200000b8                htim17
                0x200000f8                gTime
                0x2000010c                D2
                0x20000110                hrtc
                0x20000130                D4
                0x20000134                adc_buf
                0x20000154                hdma_adc
                0x20000198                hadc
                0x200001e4                D1
                0x200001e8                . = ALIGN (0x4)
 *fill*         0x200001e5        0x3 
                0x200001e8                _ebss = .
                0x200001e8                __bss_end__ = _ebss

._user_heap_stack
                0x200001e8      0x600 load address 0x08002ec8
                0x200001e8                . = ALIGN (0x4)
                [!provide]                PROVIDE (end, .)
                [!provide]                PROVIDE (_end, .)
                0x200003e8                . = (. + _Min_Heap_Size)
 *fill*         0x200001e8      0x200 
                0x200007e8                . = (. + _Min_Stack_Size)
 *fill*         0x200003e8      0x400 
                0x200007e8                . = ALIGN (0x4)

/DISCARD/
 libc.a(*)
 libm.a(*)
 libgcc.a(*)

.ARM.attributes
                0x00000000       0x28
 *(.ARM.attributes)
 .ARM.attributes
                0x00000000       0x1e c:/program files (x86)/atollic/truestudio for stm32 9.2.0/armtools/bin/../lib/gcc/arm-atollic-eabi/6.3.1/armv6-m/crti.o
 .ARM.attributes
                0x0000001e       0x2c c:/program files (x86)/atollic/truestudio for stm32 9.2.0/armtools/bin/../lib/gcc/arm-atollic-eabi/6.3.1/armv6-m/crtbegin.o
 .ARM.attributes
                0x0000004a       0x31 Display\Display.o
 .ARM.attributes
                0x0000007b       0x31 Drivers\STM32F0xx_HAL_Driver\Src\stm32f0xx_hal.o
 .ARM.attributes
                0x000000ac       0x31 Drivers\STM32F0xx_HAL_Driver\Src\stm32f0xx_hal_adc.o
 .ARM.attributes
                0x000000dd       0x31 Drivers\STM32F0xx_HAL_Driver\Src\stm32f0xx_hal_cortex.o
 .ARM.attributes
                0x0000010e       0x31 Drivers\STM32F0xx_HAL_Driver\Src\stm32f0xx_hal_dma.o
 .ARM.attributes
                0x0000013f       0x31 Drivers\STM32F0xx_HAL_Driver\Src\stm32f0xx_hal_flash.o
 .ARM.attributes
                0x00000170       0x31 Drivers\STM32F0xx_HAL_Driver\Src\stm32f0xx_hal_flash_ex.o
 .ARM.attributes
                0x000001a1       0x31 Drivers\STM32F0xx_HAL_Driver\Src\stm32f0xx_hal_gpio.o
 .ARM.attributes
                0x000001d2       0x31 Drivers\STM32F0xx_HAL_Driver\Src\stm32f0xx_hal_rcc.o
 .ARM.attributes
                0x00000203       0x31 Drivers\STM32F0xx_HAL_Driver\Src\stm32f0xx_hal_rcc_ex.o
 .ARM.attributes
                0x00000234       0x31 Drivers\STM32F0xx_HAL_Driver\Src\stm32f0xx_hal_rtc.o
 .ARM.attributes
                0x00000265       0x31 Drivers\STM32F0xx_HAL_Driver\Src\stm32f0xx_hal_tim.o
 .ARM.attributes
                0x00000296       0x31 Drivers\STM32F0xx_HAL_Driver\Src\stm32f0xx_hal_tim_ex.o
 .ARM.attributes
                0x000002c7       0x31 EEPROM\eeprom.o
 .ARM.attributes
                0x000002f8       0x31 Src\main.o
 .ARM.attributes
                0x00000329       0x31 Src\stm32f0xx_hal_msp.o
 .ARM.attributes
                0x0000035a       0x31 Src\stm32f0xx_it.o
 .ARM.attributes
                0x0000038b       0x31 Src\system_stm32f0xx.o
 .ARM.attributes
                0x000003bc       0x21 startup\startup_stm32f030x8.o
 .ARM.attributes
                0x000003dd       0x2c c:/program files (x86)/atollic/truestudio for stm32 9.2.0/armtools/bin/../lib/gcc/arm-atollic-eabi/6.3.1/../../../../arm-atollic-eabi/lib/armv6-m\libc_nano.a(lib_a-init.o)
 .ARM.attributes
                0x00000409       0x1e c:/program files (x86)/atollic/truestudio for stm32 9.2.0/armtools/bin/../lib/gcc/arm-atollic-eabi/6.3.1/armv6-m\libgcc.a(_udivsi3.o)
 .ARM.attributes
                0x00000427       0x1e c:/program files (x86)/atollic/truestudio for stm32 9.2.0/armtools/bin/../lib/gcc/arm-atollic-eabi/6.3.1/armv6-m\libgcc.a(_dvmd_tls.o)
 .ARM.attributes
                0x00000445       0x1e c:/program files (x86)/atollic/truestudio for stm32 9.2.0/armtools/bin/../lib/gcc/arm-atollic-eabi/6.3.1/armv6-m/crtn.o
OUTPUT(stm32_1Phase_Timer.elf elf32-littlearm)

.debug_info     0x00000000    0x16498
 .debug_info    0x00000000      0xc84 Display\Display.o
 .debug_info    0x00000c84      0xe4d Drivers\STM32F0xx_HAL_Driver\Src\stm32f0xx_hal.o
 .debug_info    0x00001ad1     0x1666 Drivers\STM32F0xx_HAL_Driver\Src\stm32f0xx_hal_adc.o
 .debug_info    0x00003137      0xfc3 Drivers\STM32F0xx_HAL_Driver\Src\stm32f0xx_hal_cortex.o
 .debug_info    0x000040fa     0x1015 Drivers\STM32F0xx_HAL_Driver\Src\stm32f0xx_hal_dma.o
 .debug_info    0x0000510f      0xe39 Drivers\STM32F0xx_HAL_Driver\Src\stm32f0xx_hal_flash.o
 .debug_info    0x00005f48     0x116c Drivers\STM32F0xx_HAL_Driver\Src\stm32f0xx_hal_flash_ex.o
 .debug_info    0x000070b4      0xe50 Drivers\STM32F0xx_HAL_Driver\Src\stm32f0xx_hal_gpio.o
 .debug_info    0x00007f04     0x112f Drivers\STM32F0xx_HAL_Driver\Src\stm32f0xx_hal_rcc.o
 .debug_info    0x00009033      0xbf6 Drivers\STM32F0xx_HAL_Driver\Src\stm32f0xx_hal_rcc_ex.o
 .debug_info    0x00009c29     0x14b1 Drivers\STM32F0xx_HAL_Driver\Src\stm32f0xx_hal_rtc.o
 .debug_info    0x0000b0da     0x36ce Drivers\STM32F0xx_HAL_Driver\Src\stm32f0xx_hal_tim.o
 .debug_info    0x0000e7a8     0x1a7c Drivers\STM32F0xx_HAL_Driver\Src\stm32f0xx_hal_tim_ex.o
 .debug_info    0x00010224     0x1104 EEPROM\eeprom.o
 .debug_info    0x00011328     0x2163 Src\main.o
 .debug_info    0x0001348b     0x16d2 Src\stm32f0xx_hal_msp.o
 .debug_info    0x00014b5d      0xe6e Src\stm32f0xx_it.o
 .debug_info    0x000159cb      0xa67 Src\system_stm32f0xx.o
 .debug_info    0x00016432       0x66 startup\startup_stm32f030x8.o

.debug_abbrev   0x00000000     0x2cd8
 .debug_abbrev  0x00000000      0x1e0 Display\Display.o
 .debug_abbrev  0x000001e0      0x2b9 Drivers\STM32F0xx_HAL_Driver\Src\stm32f0xx_hal.o
 .debug_abbrev  0x00000499      0x2b3 Drivers\STM32F0xx_HAL_Driver\Src\stm32f0xx_hal_adc.o
 .debug_abbrev  0x0000074c      0x2fa Drivers\STM32F0xx_HAL_Driver\Src\stm32f0xx_hal_cortex.o
 .debug_abbrev  0x00000a46      0x295 Drivers\STM32F0xx_HAL_Driver\Src\stm32f0xx_hal_dma.o
 .debug_abbrev  0x00000cdb      0x2c1 Drivers\STM32F0xx_HAL_Driver\Src\stm32f0xx_hal_flash.o
 .debug_abbrev  0x00000f9c      0x2ac Drivers\STM32F0xx_HAL_Driver\Src\stm32f0xx_hal_flash_ex.o
 .debug_abbrev  0x00001248      0x26a Drivers\STM32F0xx_HAL_Driver\Src\stm32f0xx_hal_gpio.o
 .debug_abbrev  0x000014b2      0x2ad Drivers\STM32F0xx_HAL_Driver\Src\stm32f0xx_hal_rcc.o
 .debug_abbrev  0x0000175f      0x268 Drivers\STM32F0xx_HAL_Driver\Src\stm32f0xx_hal_rcc_ex.o
 .debug_abbrev  0x000019c7      0x26b Drivers\STM32F0xx_HAL_Driver\Src\stm32f0xx_hal_rtc.o
 .debug_abbrev  0x00001c32      0x2a1 Drivers\STM32F0xx_HAL_Driver\Src\stm32f0xx_hal_tim.o
 .debug_abbrev  0x00001ed3      0x2a1 Drivers\STM32F0xx_HAL_Driver\Src\stm32f0xx_hal_tim_ex.o
 .debug_abbrev  0x00002174      0x275 EEPROM\eeprom.o
 .debug_abbrev  0x000023e9      0x2e0 Src\main.o
 .debug_abbrev  0x000026c9      0x240 Src\stm32f0xx_hal_msp.o
 .debug_abbrev  0x00002909      0x1f3 Src\stm32f0xx_it.o
 .debug_abbrev  0x00002afc      0x1ca Src\system_stm32f0xx.o
 .debug_abbrev  0x00002cc6       0x12 startup\startup_stm32f030x8.o

.debug_loc      0x00000000     0x8eeb
 .debug_loc     0x00000000      0x1ce Display\Display.o
 .debug_loc     0x000001ce       0x7c Drivers\STM32F0xx_HAL_Driver\Src\stm32f0xx_hal.o
 .debug_loc     0x0000024a      0xc12 Drivers\STM32F0xx_HAL_Driver\Src\stm32f0xx_hal_adc.o
 .debug_loc     0x00000e5c      0x393 Drivers\STM32F0xx_HAL_Driver\Src\stm32f0xx_hal_cortex.o
 .debug_loc     0x000011ef      0x7ee Drivers\STM32F0xx_HAL_Driver\Src\stm32f0xx_hal_dma.o
 .debug_loc     0x000019dd      0x353 Drivers\STM32F0xx_HAL_Driver\Src\stm32f0xx_hal_flash.o
 .debug_loc     0x00001d30      0x675 Drivers\STM32F0xx_HAL_Driver\Src\stm32f0xx_hal_flash_ex.o
 .debug_loc     0x000023a5      0x2b2 Drivers\STM32F0xx_HAL_Driver\Src\stm32f0xx_hal_gpio.o
 .debug_loc     0x00002657      0x416 Drivers\STM32F0xx_HAL_Driver\Src\stm32f0xx_hal_rcc.o
 .debug_loc     0x00002a6d      0x342 Drivers\STM32F0xx_HAL_Driver\Src\stm32f0xx_hal_rcc_ex.o
 .debug_loc     0x00002daf      0xb4f Drivers\STM32F0xx_HAL_Driver\Src\stm32f0xx_hal_rtc.o
 .debug_loc     0x000038fe     0x3808 Drivers\STM32F0xx_HAL_Driver\Src\stm32f0xx_hal_tim.o
 .debug_loc     0x00007106     0x110a Drivers\STM32F0xx_HAL_Driver\Src\stm32f0xx_hal_tim_ex.o
 .debug_loc     0x00008210      0x9ba EEPROM\eeprom.o
 .debug_loc     0x00008bca      0x11b Src\main.o
 .debug_loc     0x00008ce5       0xf8 Src\stm32f0xx_hal_msp.o
 .debug_loc     0x00008ddd      0x10e Src\system_stm32f0xx.o

.debug_aranges  0x00000000      0xc20
 .debug_aranges
                0x00000000       0x20 Display\Display.o
 .debug_aranges
                0x00000020       0xb8 Drivers\STM32F0xx_HAL_Driver\Src\stm32f0xx_hal.o
 .debug_aranges
                0x000000d8       0xf8 Drivers\STM32F0xx_HAL_Driver\Src\stm32f0xx_hal_adc.o
 .debug_aranges
                0x000001d0       0x78 Drivers\STM32F0xx_HAL_Driver\Src\stm32f0xx_hal_cortex.o
 .debug_aranges
                0x00000248       0x88 Drivers\STM32F0xx_HAL_Driver\Src\stm32f0xx_hal_dma.o
 .debug_aranges
                0x000002d0       0x88 Drivers\STM32F0xx_HAL_Driver\Src\stm32f0xx_hal_flash.o
 .debug_aranges
                0x00000358       0x98 Drivers\STM32F0xx_HAL_Driver\Src\stm32f0xx_hal_flash_ex.o
 .debug_aranges
                0x000003f0       0x58 Drivers\STM32F0xx_HAL_Driver\Src\stm32f0xx_hal_gpio.o
 .debug_aranges
                0x00000448       0x80 Drivers\STM32F0xx_HAL_Driver\Src\stm32f0xx_hal_rcc.o
 .debug_aranges
                0x000004c8       0x30 Drivers\STM32F0xx_HAL_Driver\Src\stm32f0xx_hal_rcc_ex.o
 .debug_aranges
                0x000004f8       0xb8 Drivers\STM32F0xx_HAL_Driver\Src\stm32f0xx_hal_rtc.o
 .debug_aranges
                0x000005b0      0x378 Drivers\STM32F0xx_HAL_Driver\Src\stm32f0xx_hal_tim.o
 .debug_aranges
                0x00000928      0x140 Drivers\STM32F0xx_HAL_Driver\Src\stm32f0xx_hal_tim_ex.o
 .debug_aranges
                0x00000a68       0x58 EEPROM\eeprom.o
 .debug_aranges
                0x00000ac0       0x70 Src\main.o
 .debug_aranges
                0x00000b30       0x50 Src\stm32f0xx_hal_msp.o
 .debug_aranges
                0x00000b80       0x50 Src\stm32f0xx_it.o
 .debug_aranges
                0x00000bd0       0x28 Src\system_stm32f0xx.o
 .debug_aranges
                0x00000bf8       0x28 startup\startup_stm32f030x8.o

.debug_ranges   0x00000000      0xb70
 .debug_ranges  0x00000000       0x10 Display\Display.o
 .debug_ranges  0x00000010       0xa8 Drivers\STM32F0xx_HAL_Driver\Src\stm32f0xx_hal.o
 .debug_ranges  0x000000b8       0xe8 Drivers\STM32F0xx_HAL_Driver\Src\stm32f0xx_hal_adc.o
 .debug_ranges  0x000001a0       0xb0 Drivers\STM32F0xx_HAL_Driver\Src\stm32f0xx_hal_cortex.o
 .debug_ranges  0x00000250       0x78 Drivers\STM32F0xx_HAL_Driver\Src\stm32f0xx_hal_dma.o
 .debug_ranges  0x000002c8       0x78 Drivers\STM32F0xx_HAL_Driver\Src\stm32f0xx_hal_flash.o
 .debug_ranges  0x00000340       0x88 Drivers\STM32F0xx_HAL_Driver\Src\stm32f0xx_hal_flash_ex.o
 .debug_ranges  0x000003c8       0x48 Drivers\STM32F0xx_HAL_Driver\Src\stm32f0xx_hal_gpio.o
 .debug_ranges  0x00000410       0x88 Drivers\STM32F0xx_HAL_Driver\Src\stm32f0xx_hal_rcc.o
 .debug_ranges  0x00000498       0x38 Drivers\STM32F0xx_HAL_Driver\Src\stm32f0xx_hal_rcc_ex.o
 .debug_ranges  0x000004d0       0xa8 Drivers\STM32F0xx_HAL_Driver\Src\stm32f0xx_hal_rtc.o
 .debug_ranges  0x00000578      0x368 Drivers\STM32F0xx_HAL_Driver\Src\stm32f0xx_hal_tim.o
 .debug_ranges  0x000008e0      0x130 Drivers\STM32F0xx_HAL_Driver\Src\stm32f0xx_hal_tim_ex.o
 .debug_ranges  0x00000a10       0x48 EEPROM\eeprom.o
 .debug_ranges  0x00000a58       0x60 Src\main.o
 .debug_ranges  0x00000ab8       0x40 Src\stm32f0xx_hal_msp.o
 .debug_ranges  0x00000af8       0x40 Src\stm32f0xx_it.o
 .debug_ranges  0x00000b38       0x18 Src\system_stm32f0xx.o
 .debug_ranges  0x00000b50       0x20 startup\startup_stm32f030x8.o

.debug_line     0x00000000     0x63cc
 .debug_line    0x00000000      0x368 Display\Display.o
 .debug_line    0x00000368      0x42d Drivers\STM32F0xx_HAL_Driver\Src\stm32f0xx_hal.o
 .debug_line    0x00000795      0x7fd Drivers\STM32F0xx_HAL_Driver\Src\stm32f0xx_hal_adc.o
 .debug_line    0x00000f92      0x3c9 Drivers\STM32F0xx_HAL_Driver\Src\stm32f0xx_hal_cortex.o
 .debug_line    0x0000135b      0x4e6 Drivers\STM32F0xx_HAL_Driver\Src\stm32f0xx_hal_dma.o
 .debug_line    0x00001841      0x467 Drivers\STM32F0xx_HAL_Driver\Src\stm32f0xx_hal_flash.o
 .debug_line    0x00001ca8      0x4df Drivers\STM32F0xx_HAL_Driver\Src\stm32f0xx_hal_flash_ex.o
 .debug_line    0x00002187      0x3de Drivers\STM32F0xx_HAL_Driver\Src\stm32f0xx_hal_gpio.o
 .debug_line    0x00002565      0x52a Drivers\STM32F0xx_HAL_Driver\Src\stm32f0xx_hal_rcc.o
 .debug_line    0x00002a8f      0x38f Drivers\STM32F0xx_HAL_Driver\Src\stm32f0xx_hal_rcc_ex.o
 .debug_line    0x00002e1e      0x607 Drivers\STM32F0xx_HAL_Driver\Src\stm32f0xx_hal_rtc.o
 .debug_line    0x00003425     0x14a9 Drivers\STM32F0xx_HAL_Driver\Src\stm32f0xx_hal_tim.o
 .debug_line    0x000048ce      0x87e Drivers\STM32F0xx_HAL_Driver\Src\stm32f0xx_hal_tim_ex.o
 .debug_line    0x0000514c      0x429 EEPROM\eeprom.o
 .debug_line    0x00005575      0x4d9 Src\main.o
 .debug_line    0x00005a4e      0x393 Src\stm32f0xx_hal_msp.o
 .debug_line    0x00005de1      0x315 Src\stm32f0xx_it.o
 .debug_line    0x000060f6      0x253 Src\system_stm32f0xx.o
 .debug_line    0x00006349       0x83 startup\startup_stm32f030x8.o

.debug_str      0x00000000     0x3ac8
 .debug_str     0x00000000      0x664 Display\Display.o
                                0x710 (size before relaxing)
 .debug_str     0x00000664      0x44f Drivers\STM32F0xx_HAL_Driver\Src\stm32f0xx_hal.o
                                0xa2b (size before relaxing)
 .debug_str     0x00000ab3      0x674 Drivers\STM32F0xx_HAL_Driver\Src\stm32f0xx_hal_adc.o
                                0xcfe (size before relaxing)
 .debug_str     0x00001127      0x1d0 Drivers\STM32F0xx_HAL_Driver\Src\stm32f0xx_hal_cortex.o
                                0xa33 (size before relaxing)
 .debug_str     0x000012f7      0x238 Drivers\STM32F0xx_HAL_Driver\Src\stm32f0xx_hal_dma.o
                                0xa67 (size before relaxing)
 .debug_str     0x0000152f      0x290 Drivers\STM32F0xx_HAL_Driver\Src\stm32f0xx_hal_flash.o
                                0x95a (size before relaxing)
 .debug_str     0x000017bf      0x292 Drivers\STM32F0xx_HAL_Driver\Src\stm32f0xx_hal_flash_ex.o
                                0xa56 (size before relaxing)
 .debug_str     0x00001a51      0x16c Drivers\STM32F0xx_HAL_Driver\Src\stm32f0xx_hal_gpio.o
                                0x858 (size before relaxing)
 .debug_str     0x00001bbd      0x2e0 Drivers\STM32F0xx_HAL_Driver\Src\stm32f0xx_hal_rcc.o
                                0xa31 (size before relaxing)
 .debug_str     0x00001e9d      0x127 Drivers\STM32F0xx_HAL_Driver\Src\stm32f0xx_hal_rcc_ex.o
                                0x7f8 (size before relaxing)
 .debug_str     0x00001fc4      0x366 Drivers\STM32F0xx_HAL_Driver\Src\stm32f0xx_hal_rtc.o
                                0xaba (size before relaxing)
 .debug_str     0x0000232a      0xf37 Drivers\STM32F0xx_HAL_Driver\Src\stm32f0xx_hal_tim.o
                               0x17d3 (size before relaxing)
 .debug_str     0x00003261      0x50d Drivers\STM32F0xx_HAL_Driver\Src\stm32f0xx_hal_tim_ex.o
                               0x1045 (size before relaxing)
 .debug_str     0x0000376e      0x175 EEPROM\eeprom.o
                                0x819 (size before relaxing)
 .debug_str     0x000038e3       0xdd Src\main.o
                               0x1416 (size before relaxing)
 .debug_str     0x000039c0       0x25 Src\stm32f0xx_hal_msp.o
                                0xfb3 (size before relaxing)
 .debug_str     0x000039e5       0x89 Src\stm32f0xx_it.o
                                0xa65 (size before relaxing)
 .debug_str     0x00003a6e       0x5a Src\system_stm32f0xx.o
                                0x67e (size before relaxing)

.comment        0x00000000       0x7c
 .comment       0x00000000       0x7c Display\Display.o
                                 0x7d (size before relaxing)
 .comment       0x0000007c       0x7d Drivers\STM32F0xx_HAL_Driver\Src\stm32f0xx_hal.o
 .comment       0x0000007c       0x7d Drivers\STM32F0xx_HAL_Driver\Src\stm32f0xx_hal_adc.o
 .comment       0x0000007c       0x7d Drivers\STM32F0xx_HAL_Driver\Src\stm32f0xx_hal_cortex.o
 .comment       0x0000007c       0x7d Drivers\STM32F0xx_HAL_Driver\Src\stm32f0xx_hal_dma.o
 .comment       0x0000007c       0x7d Drivers\STM32F0xx_HAL_Driver\Src\stm32f0xx_hal_flash.o
 .comment       0x0000007c       0x7d Drivers\STM32F0xx_HAL_Driver\Src\stm32f0xx_hal_flash_ex.o
 .comment       0x0000007c       0x7d Drivers\STM32F0xx_HAL_Driver\Src\stm32f0xx_hal_gpio.o
 .comment       0x0000007c       0x7d Drivers\STM32F0xx_HAL_Driver\Src\stm32f0xx_hal_rcc.o
 .comment       0x0000007c       0x7d Drivers\STM32F0xx_HAL_Driver\Src\stm32f0xx_hal_rcc_ex.o
 .comment       0x0000007c       0x7d Drivers\STM32F0xx_HAL_Driver\Src\stm32f0xx_hal_rtc.o
 .comment       0x0000007c       0x7d Drivers\STM32F0xx_HAL_Driver\Src\stm32f0xx_hal_tim.o
 .comment       0x0000007c       0x7d Drivers\STM32F0xx_HAL_Driver\Src\stm32f0xx_hal_tim_ex.o
 .comment       0x0000007c       0x7d EEPROM\eeprom.o
 .comment       0x0000007c       0x7d Src\main.o
 .comment       0x0000007c       0x7d Src\stm32f0xx_hal_msp.o
 .comment       0x0000007c       0x7d Src\stm32f0xx_it.o
 .comment       0x0000007c       0x7d Src\system_stm32f0xx.o

.debug_frame    0x00000000     0x1eec
 .debug_frame   0x00000000       0x30 Display\Display.o
 .debug_frame   0x00000030      0x174 Drivers\STM32F0xx_HAL_Driver\Src\stm32f0xx_hal.o
 .debug_frame   0x000001a4      0x2a0 Drivers\STM32F0xx_HAL_Driver\Src\stm32f0xx_hal_adc.o
 .debug_frame   0x00000444       0xe4 Drivers\STM32F0xx_HAL_Driver\Src\stm32f0xx_hal_cortex.o
 .debug_frame   0x00000528      0x168 Drivers\STM32F0xx_HAL_Driver\Src\stm32f0xx_hal_dma.o
 .debug_frame   0x00000690      0x13c Drivers\STM32F0xx_HAL_Driver\Src\stm32f0xx_hal_flash.o
 .debug_frame   0x000007cc      0x180 Drivers\STM32F0xx_HAL_Driver\Src\stm32f0xx_hal_flash_ex.o
 .debug_frame   0x0000094c       0xcc Drivers\STM32F0xx_HAL_Driver\Src\stm32f0xx_hal_gpio.o
 .debug_frame   0x00000a18      0x12c Drivers\STM32F0xx_HAL_Driver\Src\stm32f0xx_hal_rcc.o
 .debug_frame   0x00000b44       0x58 Drivers\STM32F0xx_HAL_Driver\Src\stm32f0xx_hal_rcc_ex.o
 .debug_frame   0x00000b9c      0x20c Drivers\STM32F0xx_HAL_Driver\Src\stm32f0xx_hal_rtc.o
 .debug_frame   0x00000da8      0x9cc Drivers\STM32F0xx_HAL_Driver\Src\stm32f0xx_hal_tim.o
 .debug_frame   0x00001774      0x384 Drivers\STM32F0xx_HAL_Driver\Src\stm32f0xx_hal_tim_ex.o
 .debug_frame   0x00001af8       0xf0 EEPROM\eeprom.o
 .debug_frame   0x00001be8      0x138 Src\main.o
 .debug_frame   0x00001d20       0xb0 Src\stm32f0xx_hal_msp.o
 .debug_frame   0x00001dd0       0x98 Src\stm32f0xx_it.o
 .debug_frame   0x00001e68       0x38 Src\system_stm32f0xx.o
 .debug_frame   0x00001ea0       0x2c c:/program files (x86)/atollic/truestudio for stm32 9.2.0/armtools/bin/../lib/gcc/arm-atollic-eabi/6.3.1/../../../../arm-atollic-eabi/lib/armv6-m\libc_nano.a(lib_a-init.o)
 .debug_frame   0x00001ecc       0x20 c:/program files (x86)/atollic/truestudio for stm32 9.2.0/armtools/bin/../lib/gcc/arm-atollic-eabi/6.3.1/armv6-m\libgcc.a(_udivsi3.o)
